// Jest Snapshot v1, https://goo.gl/fbAQLP

exports[`Crawler <ConnectedCrawler /> renders well 1`] = `
<ContextProvider
  value={null}
>
  <Component
    loadingCrawl={false}
    loadingWebsites={false}
    onCrawlWebsiteRequest={[Function]}
    onFetchWebsites={[Function]}
    store={
      Object {
        "clearActions": [Function],
        "dispatch": [Function],
        "getActions": [Function],
        "getState": [Function],
        "replaceReducer": [Function],
        "subscribe": [Function],
      }
    }
    websites={Array []}
  />
</ContextProvider>
`;

exports[`Crawler <Crawler /> renders well 1`] = `
<Page>
  <h1>
    Crawler
  </h1>
  <ForwardRef(InternalForm)
    className="form crawler-page-form"
    onFinish={[Function]}
  >
    <FormItem
      className="form-item"
      name="checkboxes"
    >
      <CheckboxGroup
        options={Array []}
      >
        <Row
          gutter={
            Array [
              16,
              16,
            ]
          }
        >
          <Col
            key="0"
            span={12}
          >
            <Checkbox
              className="form-item-checkbox"
              indeterminate={false}
            >
              Foo
            </Checkbox>
          </Col>
          <Col
            key="1"
            span={12}
          >
            <Checkbox
              className="form-item-checkbox"
              indeterminate={false}
            >
              Bar
            </Checkbox>
          </Col>
        </Row>
      </CheckboxGroup>
    </FormItem>
    <FormItem
      className="form-item"
    >
      <Button
        block={false}
        className="form-item-button crawler-page-form-submit"
        ghost={false}
        htmlType="submit"
        loading={false}
      >
        Crawl
      </Button>
    </FormItem>
  </ForwardRef(InternalForm)>
</Page>
`;
