// Jest Snapshot v1, https://goo.gl/fbAQLP

exports[`<Register <ConnectedRegister /> renders well 1`] = `
<Register
  onRegisterRequest={[Function]}
  store={
    Object {
      "clearActions": [Function],
      "dispatch": [Function],
      "getActions": [Function],
      "getState": [Function],
      "replaceReducer": [Function],
      "subscribe": [Function],
    }
  }
/>
`;

exports[`<Register <Register /> renders well 1`] = `
<div
  className="register-page"
>
  <h1>
    Register
  </h1>
  <ForwardRef(InternalForm)
    className="register-page-form"
    onFinish={[Function]}
  >
    <FormItem
      name="email"
    >
      <Input
        placeholder="Email"
        prefix={<ForwardRef(UserOutlined) />}
        type="text"
      />
    </FormItem>
    <FormItem
      name="password"
    >
      <Password
        action="click"
        placeholder="Password"
        prefix={<ForwardRef(UnlockOutlined) />}
        visibilityToggle={true}
      />
    </FormItem>
    <FormItem>
      <Button
        block={false}
        ghost={false}
        htmlType="submit"
        loading={false}
      >
        Submit
      </Button>
    </FormItem>
  </ForwardRef(InternalForm)>
</div>
`;
