// Jest Snapshot v1, https://goo.gl/fbAQLP

exports[`<Sidebar /> renders well 1`] = `
<Menu
  className="sidebar"
  mode="inline"
>
  <MenuItem
    className="sidebar-item-selected"
    icon={<ForwardRef(ReadOutlined) />}
  >
    <NavLink
      exact={true}
      to="/"
    >
      Articles
    </NavLink>
  </MenuItem>
  <MenuItem
    className="sidebar-item"
    icon={<ForwardRef(SettingOutlined) />}
  >
    <NavLink
      exact={true}
      to="/crawl"
    >
      Crawl
    </NavLink>
  </MenuItem>
</Menu>
`;
