// Jest Snapshot v1, https://goo.gl/fbAQLP

exports[`Login <ConnectedLogin /> renders well 1`] = `
<Login
  onLoginRequest={[Function]}
  store={
    Object {
      "clearActions": [Function],
      "dispatch": [Function],
      "getActions": [Function],
      "getState": [Function],
      "replaceReducer": [Function],
      "subscribe": [Function],
    }
  }
/>
`;

exports[`Login <Login /> renders well 1`] = `
<div
  className="login-page"
>
  <h1>
    Login
  </h1>
  <ForwardRef(InternalForm)
    className="form login-page-form"
    onFinish={[Function]}
    size="large"
  >
    <FormItem
      className="form-item"
      name="email"
    >
      <Input
        className="form-item-input"
        placeholder="Email"
        prefix={<ForwardRef(MailOutlined) />}
        type="text"
      />
    </FormItem>
    <FormItem
      className="form-item login-page-form-password"
      name="password"
    >
      <Password
        action="click"
        className="form-item-input"
        placeholder="Password"
        prefix={<ForwardRef(UnlockOutlined) />}
        visibilityToggle={true}
      />
    </FormItem>
    <p
      className="login-page-resetPasswordLink"
    >
      <NavLink
        exact={true}
        to="/reset-password"
      >
        Forgot password ?
      </NavLink>
    </p>
    <FormItem
      className="form-item"
    >
      <Button
        block={false}
        className="form-item-button login-page-form-submit"
        ghost={false}
        htmlType="submit"
        loading={false}
      >
        Sign in
      </Button>
    </FormItem>
  </ForwardRef(InternalForm)>
  <p
    className="login-page-registerLink"
  >
    No account ? 
    <NavLink
      exact={true}
      to="/register"
    >
      Sign up here
    </NavLink>
  </p>
</div>
`;
