// Jest Snapshot v1, https://goo.gl/fbAQLP

exports[`Login <ConnectedLogin /> renders well 1`] = `
<ContextProvider
  value={null}
>
  <Login
    error={
      Object {
        "message": "",
      }
    }
    loading={false}
    onLoginRequest={[Function]}
    onResetLoginFormInputError={[Function]}
    store={
      Object {
        "clearActions": [Function],
        "dispatch": [Function],
        "getActions": [Function],
        "getState": [Function],
        "replaceReducer": [Function],
        "subscribe": [Function],
      }
    }
  />
</ContextProvider>
`;

exports[`Login <Login /> renders well 1`] = `
<div
  className="login-page"
>
  <h1>
    Login
  </h1>
  <ForwardRef(InternalForm)
    className="form login-page-form"
    fields={
      Array [
        Object {
          "name": Array [
            "email",
          ],
          "value": "",
        },
        Object {
          "name": Array [
            "password",
          ],
          "value": "",
        },
      ]
    }
    onFieldsChange={[Function]}
    onFinish={[Function]}
    size="large"
  >
    <FormItem
      className="form-item "
      name="email"
    >
      <Input
        className="form-item-input "
        name="email"
        onChange={[MockFunction]}
        placeholder="Email"
        prefix={<ForwardRef(MailOutlined) />}
        type="text"
      />
    </FormItem>
    <p
      className="form-error"
    />
    <FormItem
      className="form-item login-page-form-password"
      name="password"
    >
      <Password
        action="click"
        className="form-item-input "
        name="password"
        onChange={[MockFunction]}
        placeholder="Password"
        prefix={<ForwardRef(UnlockOutlined) />}
        visibilityToggle={true}
      />
    </FormItem>
    <p
      className="login-page-resetPasswordLink"
    >
      <NavLink
        exact={true}
        to="/reset-password"
      >
        Forgot password ?
      </NavLink>
    </p>
    <FormItem
      className="form-item"
    >
      <Button
        block={false}
        className="form-item-button login-page-form-submit"
        disabled={true}
        ghost={false}
        htmlType="submit"
        loading={false}
      >
        Sign in
      </Button>
    </FormItem>
  </ForwardRef(InternalForm)>
  <p
    className="login-page-registerLink"
  >
    No account ? 
    <NavLink
      exact={true}
      to="/register"
    >
      Sign up here
    </NavLink>
  </p>
</div>
`;
