// Jest Snapshot v1, https://goo.gl/fbAQLP

exports[`<NotFound /> renders well 1`] = `
<div
  className="not-found-page"
>
  <h1
    className="not-found-page-title"
  >
    404
  </h1>
  <div
    className="not-found-page-subtitle"
  >
    <p
      className="not-found-page-subtitle-path"
    >
      <code>
        /
      </code>
       not found.
    </p>
    <p
      className="not-found-page-subtitle-link"
    >
      Go back to 
      <Link
        to="/"
      >
        homepage
      </Link>
    </p>
  </div>
</div>
`;
