// Jest Snapshot v1, https://goo.gl/fbAQLP

exports[`<Header /> renders well 1`] = `
<Menu
  className="menu"
  mode="horizontal"
>
  <SubMenu
    className="menu-dropdown"
    icon={
      <Avatar
        icon={<ForwardRef(UserOutlined) />}
        shape="circle"
        size="small"
      />
    }
  >
    <MenuItem
      className="menu-dropdown-item"
      key="profile"
    >
      Mon profil
    </MenuItem>
    <MenuItem
      className="menu-dropdown-item"
      key="logout"
    >
      Déconnexion
    </MenuItem>
  </SubMenu>
</Menu>
`;
