// Jest Snapshot v1, https://goo.gl/fbAQLP

exports[`Header <ConnectedHeader /> renders well 1`] = `
<Header
  onLogout={[Function]}
  store={
    Object {
      "clearActions": [Function],
      "dispatch": [Function],
      "getActions": [Function],
      "getState": [Function],
      "replaceReducer": [Function],
      "subscribe": [Function],
    }
  }
/>
`;

exports[`Header <Header /> renders well 1`] = `
<Menu
  className="menu"
  mode="horizontal"
>
  <SubMenu
    className="menu-dropdown"
    icon={
      <Avatar
        icon={<ForwardRef(UserOutlined) />}
        shape="circle"
        size="small"
      />
    }
  >
    <MenuItem
      className="menu-dropdown-item"
      key="profile"
    >
      Profile
    </MenuItem>
    <MenuItem
      className="menu-dropdown-item"
      key="logout"
      onClick={[MockFunction]}
    >
      Logout
    </MenuItem>
  </SubMenu>
</Menu>
`;
