// Jest Snapshot v1, https://goo.gl/fbAQLP

exports[`<AppRouting /> renders well 1`] = `
<BrowserRouter>
  <Switch>
    <Route
      exact={true}
      path="/"
      render={[Function]}
    />
    <Route
      exact={true}
      path="/login"
      render={[Function]}
    />
    <Route
      render={[Function]}
    />
  </Switch>
</BrowserRouter>
`;
