// Jest Snapshot v1, https://goo.gl/fbAQLP

exports[`Home <ConnectedHome /> renders well 1`] = `
<ContextProvider
  value={null}
>
  <Component
    articles={Array []}
    favorites={Array []}
    loadingArticles={false}
    loadingFavorites={false}
    onFetchArticles={[Function]}
    onFetchFavorites={[Function]}
    store={
      Object {
        "clearActions": [Function],
        "dispatch": [Function],
        "getActions": [Function],
        "getState": [Function],
        "replaceReducer": [Function],
        "subscribe": [Function],
      }
    }
  />
</ContextProvider>
`;

exports[`Home <Home /> renders well 1`] = `
<Page>
  <h1>
    Home
  </h1>
  <Tabs
    articles={
      Array [
        Object {
          "createdAt": "2020-12-31",
          "id": 1,
          "title": "First article",
          "url": "https://www.foo.com/article",
        },
        Object {
          "createdAt": "2020-12-30",
          "description": "Lorem Ipsum",
          "id": 2,
          "image": "https://www.bar.com/article-image.jpeg",
          "title": "Second article",
          "url": "https://www.bar.com/article",
        },
      ]
    }
    favorites={
      Array [
        Object {
          "createdAt": "2020-12-31",
          "id": 1,
          "title": "First article",
          "url": "https://www.foo.com/article",
        },
      ]
    }
  />
  <Pagination />
</Page>
`;
