// Jest Snapshot v1, https://goo.gl/fbAQLP

exports[`<Tabs /> renders well 1`] = `
<Tabs
  className="tabs"
  defaultActiveKey="articles"
  hideAdd={false}
  tabPosition="top"
>
  <TabPane
    key="articles"
    placeholder={null}
    tab="All (2)"
  >
    <Row
      gutter={
        Array [
          16,
          16,
        ]
      }
    >
      <Col
        className="tabs-col"
        key="0"
      >
        <Connect(Card)
          article={
            Object {
              "createdAt": "2020-12-31",
              "id": 1,
              "title": "First article",
              "url": "https://www.foo.com/article",
            }
          }
        />
      </Col>
      <Col
        className="tabs-col"
        key="1"
      >
        <Connect(Card)
          article={
            Object {
              "createdAt": "2020-12-30",
              "description": "Lorem Ipsum",
              "id": 2,
              "image": "https://www.bar.com/article-image.jpeg",
              "title": "Second article",
              "url": "https://www.bar.com/article",
            }
          }
        />
      </Col>
    </Row>
  </TabPane>
  <TabPane
    key="favorites"
    placeholder={null}
    tab="My favorites (1)"
  >
    <Row
      gutter={
        Array [
          16,
          16,
        ]
      }
    >
      <Col
        className="tabs-col"
        key="0"
      >
        <Connect(Card)
          article={
            Object {
              "createdAt": "2020-12-31",
              "id": 1,
              "title": "First article",
              "url": "https://www.foo.com/article",
            }
          }
        />
      </Col>
    </Row>
  </TabPane>
</Tabs>
`;
